CCS PCM C Compiler, Version 5.007, 61971               26-Kas-20 18:12

               Filename:   C:\Users\Ufuk\Documents\C\7segment\main.lst

               ROM used:   203 words (2%)
                           Largest free fragment is 2048
               RAM used:   19 (5%) at main() level
                           32 (9%) worst case
               Stack used: 0 locations
               Stack size: 8

*
0000:  MOVLW  00
0001:  MOVWF  0A
0002:  GOTO   05F
0003:  NOP
.................... #include <main.h> 
.................... #include <16F877A.h> 
.................... //////// Standard Header file for the PIC16F877A device //////////////// 
.................... #device PIC16F877A 
0004:  BCF    0A.0
0005:  BCF    0A.1
0006:  BCF    0A.2
0007:  ADDWF  02,F
0008:  RETLW  70
0009:  RETLW  60
000A:  RETLW  50
000B:  RETLW  40
000C:  RETLW  30
000D:  RETLW  20
000E:  RETLW  10
000F:  RETLW  00
0010:  BTFSC  03.1
0011:  GOTO   015
0012:  MOVLW  37
0013:  MOVWF  04
0014:  BCF    03.7
0015:  CLRF   77
0016:  CLRF   78
0017:  CLRF   79
0018:  CLRF   7A
0019:  CLRF   37
001A:  CLRF   38
001B:  CLRF   39
001C:  CLRF   3A
001D:  MOVF   36,W
001E:  IORWF  35,W
001F:  IORWF  34,W
0020:  IORWF  33,W
0021:  BTFSC  03.2
0022:  GOTO   053
0023:  MOVLW  20
0024:  MOVWF  3B
0025:  BCF    03.0
0026:  RLF    2F,F
0027:  RLF    30,F
0028:  RLF    31,F
0029:  RLF    32,F
002A:  RLF    37,F
002B:  RLF    38,F
002C:  RLF    39,F
002D:  RLF    3A,F
002E:  MOVF   36,W
002F:  SUBWF  3A,W
0030:  BTFSS  03.2
0031:  GOTO   03C
0032:  MOVF   35,W
0033:  SUBWF  39,W
0034:  BTFSS  03.2
0035:  GOTO   03C
0036:  MOVF   34,W
0037:  SUBWF  38,W
0038:  BTFSS  03.2
0039:  GOTO   03C
003A:  MOVF   33,W
003B:  SUBWF  37,W
003C:  BTFSS  03.0
003D:  GOTO   04D
003E:  MOVF   33,W
003F:  SUBWF  37,F
0040:  MOVF   34,W
0041:  BTFSS  03.0
0042:  INCFSZ 34,W
0043:  SUBWF  38,F
0044:  MOVF   35,W
0045:  BTFSS  03.0
0046:  INCFSZ 35,W
0047:  SUBWF  39,F
0048:  MOVF   36,W
0049:  BTFSS  03.0
004A:  INCFSZ 36,W
004B:  SUBWF  3A,F
004C:  BSF    03.0
004D:  RLF    77,F
004E:  RLF    78,F
004F:  RLF    79,F
0050:  RLF    7A,F
0051:  DECFSZ 3B,F
0052:  GOTO   025
0053:  MOVF   37,W
0054:  MOVWF  00
0055:  INCF   04,F
0056:  MOVF   38,W
0057:  MOVWF  00
0058:  INCF   04,F
0059:  MOVF   39,W
005A:  MOVWF  00
005B:  INCF   04,F
005C:  MOVF   3A,W
005D:  MOVWF  00
005E:  RETURN
....................  
.................... #list 
....................  
.................... #device ADC=16 
....................  
.................... #FUSES NOWDT                 	//No Watch Dog Timer 
.................... #FUSES NOBROWNOUT            	//No brownout reset 
.................... #FUSES NOLVP                 	//No low voltage prgming, B3(PIC16) or B5(PIC18) used for I/O 
....................  
.................... #use delay(crystal=20000000) 
....................  
....................  
....................  
.................... const int digit[8]={0x70,0x60,0x50,0x40,0x30,0x20,0x10,0x00}; 
.................... void main() 
005F:  BSF    03.5
0060:  BSF    1F.0
0061:  BSF    1F.1
0062:  BSF    1F.2
0063:  BCF    1F.3
0064:  MOVLW  07
0065:  MOVWF  1C
0066:  BCF    03.7
0067:  MOVLW  1F
0068:  ANDWF  03,F
0069:  BCF    03.5
006A:  CLRF   24
006B:  MOVLW  25
006C:  MOVWF  23
006D:  MOVLW  56
006E:  MOVWF  22
006F:  MOVLW  E8
0070:  MOVWF  21
0071:  CLRF   25
0072:  MOVLW  32
0073:  MOVWF  26
.................... { 
.................... int32 sayi=2447080; 
.................... int sayac=0; 
.................... int delay=50; 
....................    while(TRUE) 
....................    { 
....................       int32 gecici=sayi; 
0074:  MOVF   24,W
0075:  MOVWF  2A
0076:  MOVF   23,W
0077:  MOVWF  29
0078:  MOVF   22,W
0079:  MOVWF  28
007A:  MOVF   21,W
007B:  MOVWF  27
....................       while(sayac<9&&gecici>0) 
007C:  MOVF   25,W
007D:  SUBLW  08
007E:  BTFSS  03.0
007F:  GOTO   0C8
0080:  MOVF   27,F
0081:  BTFSS  03.2
0082:  GOTO   08C
0083:  MOVF   28,F
0084:  BTFSS  03.2
0085:  GOTO   08C
0086:  MOVF   29,F
0087:  BTFSS  03.2
0088:  GOTO   08C
0089:  MOVF   2A,F
008A:  BTFSC  03.2
008B:  GOTO   0C8
....................       { 
....................          output_b(gecici%10 | digit[sayac]);     
008C:  BSF    03.1
008D:  MOVLW  2B
008E:  MOVWF  04
008F:  BCF    03.7
0090:  MOVF   2A,W
0091:  MOVWF  32
0092:  MOVF   29,W
0093:  MOVWF  31
0094:  MOVF   28,W
0095:  MOVWF  30
0096:  MOVF   27,W
0097:  MOVWF  2F
0098:  CLRF   36
0099:  CLRF   35
009A:  CLRF   34
009B:  MOVLW  0A
009C:  MOVWF  33
009D:  CALL   010
009E:  MOVF   2E,W
009F:  MOVWF  32
00A0:  MOVF   2D,W
00A1:  MOVWF  31
00A2:  MOVF   2C,W
00A3:  MOVWF  30
00A4:  MOVF   2B,W
00A5:  MOVWF  2F
00A6:  MOVF   25,W
00A7:  CALL   004
00A8:  MOVWF  78
00A9:  IORWF  2F,F
00AA:  BSF    03.5
00AB:  CLRF   06
00AC:  BCF    03.5
00AD:  MOVF   2F,W
00AE:  MOVWF  06
....................          //delay_ms(delay); 
....................          //delay-=10; 
....................          sayac++; 
00AF:  INCF   25,F
....................          gecici=gecici/10; 
00B0:  BCF    03.1
00B1:  MOVF   2A,W
00B2:  MOVWF  32
00B3:  MOVF   29,W
00B4:  MOVWF  31
00B5:  MOVF   28,W
00B6:  MOVWF  30
00B7:  MOVF   27,W
00B8:  MOVWF  2F
00B9:  CLRF   36
00BA:  CLRF   35
00BB:  CLRF   34
00BC:  MOVLW  0A
00BD:  MOVWF  33
00BE:  CALL   010
00BF:  MOVF   7A,W
00C0:  MOVWF  2A
00C1:  MOVF   79,W
00C2:  MOVWF  29
00C3:  MOVF   78,W
00C4:  MOVWF  28
00C5:  MOVF   77,W
00C6:  MOVWF  27
00C7:  GOTO   07C
....................       } 
....................       sayac=0; 
00C8:  CLRF   25
00C9:  GOTO   074
....................    } 
.................... } 
00CA:  SLEEP

Configuration Fuses:
   Word  1: 3F32   HS NOWDT PUT NOBROWNOUT NOLVP NOCPD NOWRT NODEBUG NOPROTECT
